10:52:50 **** Incremental Build of configuration Debug for project ZMOD__DAC_ADC ****
make all 
make --no-print-directory pre-build
a9-linaro-pre-build-step
' '
make --no-print-directory main-build
'Building file: ../src/main.cpp'
'Invoking: ARM v7 g++ compiler'
arm-none-eabi-g++ -Wall -O0 -g3 -I"C:\Users\dwamai\Desktop\duragactivity\ZMOD__DAC_ADC\Debug/../../zmodlib/ZmodDAC1411" -I"C:\Users\dwamai\Desktop\duragactivity\ZMOD__DAC_ADC\Debug/../../zmodlib/ZmodADC1410" -I"C:\Users\dwamai\Desktop\duragactivity\ZMOD__DAC_ADC\Debug/../../zmodlib/Zmod" -c -fmessage-length=0 -MT"src/main.o" -mcpu=cortex-a9 -mfpu=vfpv3 -mfloat-abi=hard -IC:/Users/dwamai/Desktop/duragactivity/ZMOD_ADC_DAC/export/ZMOD_ADC_DAC/sw/ZMOD_ADC_DAC/domain_ps7_cortexa9_0/bspinclude/include -MMD -MP -MF"src/main.d" -MT"src/main.o" -o "src/main.o" "../src/main.cpp"
'Finished building: ../src/main.cpp'
' '
'Building target: ZMOD__DAC_ADC.elf'
'Invoking: ARM v7 g++ linker'
arm-none-eabi-g++ -mcpu=cortex-a9 -mfpu=vfpv3 -mfloat-abi=hard -Wl,-build-id=none -specs=Xilinx.spec -Wl,-T -Wl,../src/lscript.ld -LC:/Users/dwamai/Desktop/duragactivity/ZMOD_ADC_DAC/export/ZMOD_ADC_DAC/sw/ZMOD_ADC_DAC/domain_ps7_cortexa9_0/bsplib/lib -o "ZMOD__DAC_ADC.elf"  ./zmodlib/ZmodDAC1411/zmoddac1411.o  ./zmodlib/ZmodADC1410/zmodadc1410.o  ./zmodlib/Zmod/baremetal/reg/reg.o  ./zmodlib/Zmod/baremetal/intc/intc.o  ./zmodlib/Zmod/baremetal/flash/flash.o  ./zmodlib/Zmod/baremetal/dma/dma.o  ./zmodlib/Zmod/zmod.o  ./src/main.o   -Wl,--start-group,-lxil,-lgcc,-lc,-lstdc++,--end-group
'Finished building target: ZMOD__DAC_ADC.elf'
' '
'Invoking: ARM v7 Print Size'
arm-none-eabi-size ZMOD__DAC_ADC.elf  |tee "ZMOD__DAC_ADC.elf.size"
   text	   data	    bss	    dec	    hex	filename
 402856	   3752	  29228	 435836	  6a67c	ZMOD__DAC_ADC.elf
'Finished building: ZMOD__DAC_ADC.elf.size'
' '

10:52:53 Build Finished (took 2s.824ms)

